ERROR - 2026-05-11 05:05:51 --> Error connecting to the database: mysqli_sql_exception: Unknown database 'regime' in D:\S4\web dynamique\ProjetRegime\system\Database\MySQLi\Connection.php:201
Stack trace:
#0 D:\S4\web dynamique\ProjetRegime\system\Database\MySQLi\Connection.php(201): mysqli->real_connect('127.0.0.1', 'root', Object(SensitiveParameterValue), 'regime', 3306, '', 0)
#1 D:\S4\web dynamique\ProjetRegime\system\Database\BaseConnection.php(555): CodeIgniter\Database\MySQLi\Connection->connect(false)
#2 D:\S4\web dynamique\ProjetRegime\system\Database\BaseConnection.php(795): CodeIgniter\Database\BaseConnection->initialize()
#3 D:\S4\web dynamique\ProjetRegime\system\Database\BaseBuilder.php(1649): CodeIgniter\Database\BaseConnection->query('SELECT *\nFROM `...', Array, false)
#4 D:\S4\web dynamique\ProjetRegime\system\Model.php(295): CodeIgniter\Database\BaseBuilder->get()
#5 D:\S4\web dynamique\ProjetRegime\system\BaseModel.php(714): CodeIgniter\Model->doFirst()
#6 D:\S4\web dynamique\ProjetRegime\app\Controllers\AuthController.php(34): CodeIgniter\BaseModel->first()
#7 D:\S4\web dynamique\ProjetRegime\system\CodeIgniter.php(951): App\Controllers\AuthController->doLogin()
#8 D:\S4\web dynamique\ProjetRegime\system\CodeIgniter.php(497): CodeIgniter\CodeIgniter->runController(Object(App\Controllers\AuthController))
#9 D:\S4\web dynamique\ProjetRegime\system\CodeIgniter.php(340): CodeIgniter\CodeIgniter->handleRequest(NULL, Object(Config\Cache), false)
#10 D:\S4\web dynamique\ProjetRegime\system\Boot.php(417): CodeIgniter\CodeIgniter->run()
#11 D:\S4\web dynamique\ProjetRegime\system\Boot.php(68): CodeIgniter\Boot::runCodeIgniter(Object(CodeIgniter\CodeIgniter))
#12 D:\S4\web dynamique\ProjetRegime\public\index.php(59): CodeIgniter\Boot::bootWeb(Object(Config\Paths))
#13 {main}

Next CodeIgniter\Database\Exceptions\DatabaseException: Unknown database 'regime' in D:\S4\web dynamique\ProjetRegime\system\Database\MySQLi\Connection.php:231
Stack trace:
#0 D:\S4\web dynamique\ProjetRegime\system\Database\BaseConnection.php(555): CodeIgniter\Database\MySQLi\Connection->connect(false)
#1 D:\S4\web dynamique\ProjetRegime\system\Database\BaseConnection.php(795): CodeIgniter\Database\BaseConnection->initialize()
#2 D:\S4\web dynamique\ProjetRegime\system\Database\BaseBuilder.php(1649): CodeIgniter\Database\BaseConnection->query('SELECT *\nFROM `...', Array, false)
#3 D:\S4\web dynamique\ProjetRegime\system\Model.php(295): CodeIgniter\Database\BaseBuilder->get()
#4 D:\S4\web dynamique\ProjetRegime\system\BaseModel.php(714): CodeIgniter\Model->doFirst()
#5 D:\S4\web dynamique\ProjetRegime\app\Controllers\AuthController.php(34): CodeIgniter\BaseModel->first()
#6 D:\S4\web dynamique\ProjetRegime\system\CodeIgniter.php(951): App\Controllers\AuthController->doLogin()
#7 D:\S4\web dynamique\ProjetRegime\system\CodeIgniter.php(497): CodeIgniter\CodeIgniter->runController(Object(App\Controllers\AuthController))
#8 D:\S4\web dynamique\ProjetRegime\system\CodeIgniter.php(340): CodeIgniter\CodeIgniter->handleRequest(NULL, Object(Config\Cache), false)
#9 D:\S4\web dynamique\ProjetRegime\system\Boot.php(417): CodeIgniter\CodeIgniter->run()
#10 D:\S4\web dynamique\ProjetRegime\system\Boot.php(68): CodeIgniter\Boot::runCodeIgniter(Object(CodeIgniter\CodeIgniter))
#11 D:\S4\web dynamique\ProjetRegime\public\index.php(59): CodeIgniter\Boot::bootWeb(Object(Config\Paths))
#12 {main}
CRITICAL - 2026-05-11 05:05:51 --> CodeIgniter\Database\Exceptions\DatabaseException: Unable to connect to the database.
Main connection [MySQLi]: Unknown database 'regime'
[Method: POST, Route: login]
in SYSTEMPATH\Database\BaseConnection.php on line 606.
 1 SYSTEMPATH\Database\BaseConnection.php(795): CodeIgniter\Database\BaseConnection->initialize()
 2 SYSTEMPATH\Database\BaseBuilder.php(1649): CodeIgniter\Database\BaseConnection->query('SELECT *
FROM `users`
WHERE `username` = :username:
 LIMIT 1', [...], false)
 3 SYSTEMPATH\Model.php(295): CodeIgniter\Database\BaseBuilder->get()
 4 SYSTEMPATH\BaseModel.php(714): CodeIgniter\Model->doFirst()
 5 APPPATH\Controllers\AuthController.php(34): CodeIgniter\BaseModel->first()
 6 SYSTEMPATH\CodeIgniter.php(951): App\Controllers\AuthController->doLogin()
 7 SYSTEMPATH\CodeIgniter.php(497): CodeIgniter\CodeIgniter->runController(Object(App\Controllers\AuthController))
 8 SYSTEMPATH\CodeIgniter.php(340): CodeIgniter\CodeIgniter->handleRequest(null, Object(Config\Cache), false)
 9 SYSTEMPATH\Boot.php(417): CodeIgniter\CodeIgniter->run()
10 SYSTEMPATH\Boot.php(68): CodeIgniter\Boot::runCodeIgniter(Object(CodeIgniter\CodeIgniter))
11 FCPATH\index.php(59): CodeIgniter\Boot::bootWeb(Object(Config\Paths))
ERROR - 2026-05-11 05:13:43 --> Error connecting to the database: mysqli_sql_exception: Unknown database 'regime' in D:\S4\web dynamique\ProjetRegime\system\Database\MySQLi\Connection.php:201
Stack trace:
#0 D:\S4\web dynamique\ProjetRegime\system\Database\MySQLi\Connection.php(201): mysqli->real_connect('127.0.0.1', 'root', Object(SensitiveParameterValue), 'regime', 3306, '', 0)
#1 D:\S4\web dynamique\ProjetRegime\system\Database\BaseConnection.php(555): CodeIgniter\Database\MySQLi\Connection->connect(false)
#2 D:\S4\web dynamique\ProjetRegime\system\Database\BaseConnection.php(795): CodeIgniter\Database\BaseConnection->initialize()
#3 D:\S4\web dynamique\ProjetRegime\system\Database\BaseBuilder.php(1649): CodeIgniter\Database\BaseConnection->query('SELECT *\nFROM `...', Array, false)
#4 D:\S4\web dynamique\ProjetRegime\system\Model.php(295): CodeIgniter\Database\BaseBuilder->get()
#5 D:\S4\web dynamique\ProjetRegime\system\BaseModel.php(714): CodeIgniter\Model->doFirst()
#6 D:\S4\web dynamique\ProjetRegime\app\Controllers\AuthController.php(34): CodeIgniter\BaseModel->first()
#7 D:\S4\web dynamique\ProjetRegime\system\CodeIgniter.php(951): App\Controllers\AuthController->doLogin()
#8 D:\S4\web dynamique\ProjetRegime\system\CodeIgniter.php(497): CodeIgniter\CodeIgniter->runController(Object(App\Controllers\AuthController))
#9 D:\S4\web dynamique\ProjetRegime\system\CodeIgniter.php(340): CodeIgniter\CodeIgniter->handleRequest(NULL, Object(Config\Cache), false)
#10 D:\S4\web dynamique\ProjetRegime\system\Boot.php(417): CodeIgniter\CodeIgniter->run()
#11 D:\S4\web dynamique\ProjetRegime\system\Boot.php(68): CodeIgniter\Boot::runCodeIgniter(Object(CodeIgniter\CodeIgniter))
#12 D:\S4\web dynamique\ProjetRegime\public\index.php(59): CodeIgniter\Boot::bootWeb(Object(Config\Paths))
#13 {main}

Next CodeIgniter\Database\Exceptions\DatabaseException: Unknown database 'regime' in D:\S4\web dynamique\ProjetRegime\system\Database\MySQLi\Connection.php:231
Stack trace:
#0 D:\S4\web dynamique\ProjetRegime\system\Database\BaseConnection.php(555): CodeIgniter\Database\MySQLi\Connection->connect(false)
#1 D:\S4\web dynamique\ProjetRegime\system\Database\BaseConnection.php(795): CodeIgniter\Database\BaseConnection->initialize()
#2 D:\S4\web dynamique\ProjetRegime\system\Database\BaseBuilder.php(1649): CodeIgniter\Database\BaseConnection->query('SELECT *\nFROM `...', Array, false)
#3 D:\S4\web dynamique\ProjetRegime\system\Model.php(295): CodeIgniter\Database\BaseBuilder->get()
#4 D:\S4\web dynamique\ProjetRegime\system\BaseModel.php(714): CodeIgniter\Model->doFirst()
#5 D:\S4\web dynamique\ProjetRegime\app\Controllers\AuthController.php(34): CodeIgniter\BaseModel->first()
#6 D:\S4\web dynamique\ProjetRegime\system\CodeIgniter.php(951): App\Controllers\AuthController->doLogin()
#7 D:\S4\web dynamique\ProjetRegime\system\CodeIgniter.php(497): CodeIgniter\CodeIgniter->runController(Object(App\Controllers\AuthController))
#8 D:\S4\web dynamique\ProjetRegime\system\CodeIgniter.php(340): CodeIgniter\CodeIgniter->handleRequest(NULL, Object(Config\Cache), false)
#9 D:\S4\web dynamique\ProjetRegime\system\Boot.php(417): CodeIgniter\CodeIgniter->run()
#10 D:\S4\web dynamique\ProjetRegime\system\Boot.php(68): CodeIgniter\Boot::runCodeIgniter(Object(CodeIgniter\CodeIgniter))
#11 D:\S4\web dynamique\ProjetRegime\public\index.php(59): CodeIgniter\Boot::bootWeb(Object(Config\Paths))
#12 {main}
CRITICAL - 2026-05-11 05:13:43 --> CodeIgniter\Database\Exceptions\DatabaseException: Unable to connect to the database.
Main connection [MySQLi]: Unknown database 'regime'
[Method: POST, Route: login]
in SYSTEMPATH\Database\BaseConnection.php on line 606.
 1 SYSTEMPATH\Database\BaseConnection.php(795): CodeIgniter\Database\BaseConnection->initialize()
 2 SYSTEMPATH\Database\BaseBuilder.php(1649): CodeIgniter\Database\BaseConnection->query('SELECT *
FROM `users`
WHERE `username` = :username:
 LIMIT 1', [...], false)
 3 SYSTEMPATH\Model.php(295): CodeIgniter\Database\BaseBuilder->get()
 4 SYSTEMPATH\BaseModel.php(714): CodeIgniter\Model->doFirst()
 5 APPPATH\Controllers\AuthController.php(34): CodeIgniter\BaseModel->first()
 6 SYSTEMPATH\CodeIgniter.php(951): App\Controllers\AuthController->doLogin()
 7 SYSTEMPATH\CodeIgniter.php(497): CodeIgniter\CodeIgniter->runController(Object(App\Controllers\AuthController))
 8 SYSTEMPATH\CodeIgniter.php(340): CodeIgniter\CodeIgniter->handleRequest(null, Object(Config\Cache), false)
 9 SYSTEMPATH\Boot.php(417): CodeIgniter\CodeIgniter->run()
10 SYSTEMPATH\Boot.php(68): CodeIgniter\Boot::runCodeIgniter(Object(CodeIgniter\CodeIgniter))
11 FCPATH\index.php(59): CodeIgniter\Boot::bootWeb(Object(Config\Paths))
