ERROR - 2026-04-21 11:27:34 --> Error connecting to the database: mysqli_sql_exception: No such file or directory in /home/itu/Documents/S4/SI/Bibliotheque/system/Database/MySQLi/Connection.php:201
Stack trace:
#0 /home/itu/Documents/S4/SI/Bibliotheque/system/Database/MySQLi/Connection.php(201): mysqli->real_connect()
#1 /home/itu/Documents/S4/SI/Bibliotheque/system/Database/BaseConnection.php(555): CodeIgniter\Database\MySQLi\Connection->connect()
#2 /home/itu/Documents/S4/SI/Bibliotheque/system/Database/BaseConnection.php(795): CodeIgniter\Database\BaseConnection->initialize()
#3 /home/itu/Documents/S4/SI/Bibliotheque/system/Database/BaseBuilder.php(1733): CodeIgniter\Database\BaseConnection->query()
#4 /home/itu/Documents/S4/SI/Bibliotheque/system/Model.php(523): CodeIgniter\Database\BaseBuilder->countAllResults()
#5 /home/itu/Documents/S4/SI/Bibliotheque/system/BaseModel.php(1333): CodeIgniter\Model->countAllResults()
#6 /home/itu/Documents/S4/SI/Bibliotheque/app/Models/LivreModel.php(59): CodeIgniter\BaseModel->paginate()
#7 /home/itu/Documents/S4/SI/Bibliotheque/app/Controllers/LivreController.php(21): App\Models\LivreModel->livresPagines()
#8 /home/itu/Documents/S4/SI/Bibliotheque/system/CodeIgniter.php(951): App\Controllers\LivreController->index()
#9 /home/itu/Documents/S4/SI/Bibliotheque/system/CodeIgniter.php(497): CodeIgniter\CodeIgniter->runController()
#10 /home/itu/Documents/S4/SI/Bibliotheque/system/CodeIgniter.php(340): CodeIgniter\CodeIgniter->handleRequest()
#11 /home/itu/Documents/S4/SI/Bibliotheque/system/Boot.php(417): CodeIgniter\CodeIgniter->run()
#12 /home/itu/Documents/S4/SI/Bibliotheque/system/Boot.php(68): CodeIgniter\Boot::runCodeIgniter()
#13 /home/itu/Documents/S4/SI/Bibliotheque/public/index.php(59): CodeIgniter\Boot::bootWeb()
#14 /home/itu/Documents/S4/SI/Bibliotheque/system/rewrite.php(44): require_once('...')
#15 {main}

Next CodeIgniter\Database\Exceptions\DatabaseException: No such file or directory in /home/itu/Documents/S4/SI/Bibliotheque/system/Database/MySQLi/Connection.php:231
Stack trace:
#0 /home/itu/Documents/S4/SI/Bibliotheque/system/Database/BaseConnection.php(555): CodeIgniter\Database\MySQLi\Connection->connect()
#1 /home/itu/Documents/S4/SI/Bibliotheque/system/Database/BaseConnection.php(795): CodeIgniter\Database\BaseConnection->initialize()
#2 /home/itu/Documents/S4/SI/Bibliotheque/system/Database/BaseBuilder.php(1733): CodeIgniter\Database\BaseConnection->query()
#3 /home/itu/Documents/S4/SI/Bibliotheque/system/Model.php(523): CodeIgniter\Database\BaseBuilder->countAllResults()
#4 /home/itu/Documents/S4/SI/Bibliotheque/system/BaseModel.php(1333): CodeIgniter\Model->countAllResults()
#5 /home/itu/Documents/S4/SI/Bibliotheque/app/Models/LivreModel.php(59): CodeIgniter\BaseModel->paginate()
#6 /home/itu/Documents/S4/SI/Bibliotheque/app/Controllers/LivreController.php(21): App\Models\LivreModel->livresPagines()
#7 /home/itu/Documents/S4/SI/Bibliotheque/system/CodeIgniter.php(951): App\Controllers\LivreController->index()
#8 /home/itu/Documents/S4/SI/Bibliotheque/system/CodeIgniter.php(497): CodeIgniter\CodeIgniter->runController()
#9 /home/itu/Documents/S4/SI/Bibliotheque/system/CodeIgniter.php(340): CodeIgniter\CodeIgniter->handleRequest()
#10 /home/itu/Documents/S4/SI/Bibliotheque/system/Boot.php(417): CodeIgniter\CodeIgniter->run()
#11 /home/itu/Documents/S4/SI/Bibliotheque/system/Boot.php(68): CodeIgniter\Boot::runCodeIgniter()
#12 /home/itu/Documents/S4/SI/Bibliotheque/public/index.php(59): CodeIgniter\Boot::bootWeb()
#13 /home/itu/Documents/S4/SI/Bibliotheque/system/rewrite.php(44): require_once('...')
#14 {main}
CRITICAL - 2026-04-21 11:27:34 --> CodeIgniter\Database\Exceptions\DatabaseException: Unable to connect to the database.
Main connection [MySQLi]: No such file or directory
[Method: GET, Route: /]
in SYSTEMPATH/Database/BaseConnection.php on line 606.
 1 SYSTEMPATH/Database/BaseConnection.php(795): CodeIgniter\Database\BaseConnection->initialize()
 2 SYSTEMPATH/Database/BaseBuilder.php(1733): CodeIgniter\Database\BaseConnection->query()
 3 SYSTEMPATH/Model.php(523): CodeIgniter\Database\BaseBuilder->countAllResults()
 4 SYSTEMPATH/BaseModel.php(1333): CodeIgniter\Model->countAllResults()
 5 APPPATH/Models/LivreModel.php(59): CodeIgniter\BaseModel->paginate()
 6 APPPATH/Controllers/LivreController.php(21): App\Models\LivreModel->livresPagines()
 7 SYSTEMPATH/CodeIgniter.php(951): App\Controllers\LivreController->index()
 8 SYSTEMPATH/CodeIgniter.php(497): CodeIgniter\CodeIgniter->runController()
 9 SYSTEMPATH/CodeIgniter.php(340): CodeIgniter\CodeIgniter->handleRequest()
10 SYSTEMPATH/Boot.php(417): CodeIgniter\CodeIgniter->run()
11 SYSTEMPATH/Boot.php(68): CodeIgniter\Boot::runCodeIgniter()
12 FCPATH/index.php(59): CodeIgniter\Boot::bootWeb()
13 SYSTEMPATH/rewrite.php(44): require_once('/home/itu/Documents/S4/SI/Bibliotheque/public/index.php')
ERROR - 2026-04-21 11:32:21 --> Error connecting to the database: mysqli_sql_exception: No such file or directory in /home/itu/Documents/S4/SI/Bibliotheque/system/Database/MySQLi/Connection.php:201
Stack trace:
#0 /home/itu/Documents/S4/SI/Bibliotheque/system/Database/MySQLi/Connection.php(201): mysqli->real_connect()
#1 /home/itu/Documents/S4/SI/Bibliotheque/system/Database/BaseConnection.php(555): CodeIgniter\Database\MySQLi\Connection->connect()
#2 /home/itu/Documents/S4/SI/Bibliotheque/system/Database/BaseConnection.php(795): CodeIgniter\Database\BaseConnection->initialize()
#3 /home/itu/Documents/S4/SI/Bibliotheque/system/Database/BaseBuilder.php(1733): CodeIgniter\Database\BaseConnection->query()
#4 /home/itu/Documents/S4/SI/Bibliotheque/system/Model.php(523): CodeIgniter\Database\BaseBuilder->countAllResults()
#5 /home/itu/Documents/S4/SI/Bibliotheque/system/BaseModel.php(1333): CodeIgniter\Model->countAllResults()
#6 /home/itu/Documents/S4/SI/Bibliotheque/app/Models/LivreModel.php(59): CodeIgniter\BaseModel->paginate()
#7 /home/itu/Documents/S4/SI/Bibliotheque/app/Controllers/LivreController.php(21): App\Models\LivreModel->livresPagines()
#8 /home/itu/Documents/S4/SI/Bibliotheque/system/CodeIgniter.php(951): App\Controllers\LivreController->index()
#9 /home/itu/Documents/S4/SI/Bibliotheque/system/CodeIgniter.php(497): CodeIgniter\CodeIgniter->runController()
#10 /home/itu/Documents/S4/SI/Bibliotheque/system/CodeIgniter.php(340): CodeIgniter\CodeIgniter->handleRequest()
#11 /home/itu/Documents/S4/SI/Bibliotheque/system/Boot.php(417): CodeIgniter\CodeIgniter->run()
#12 /home/itu/Documents/S4/SI/Bibliotheque/system/Boot.php(68): CodeIgniter\Boot::runCodeIgniter()
#13 /home/itu/Documents/S4/SI/Bibliotheque/public/index.php(59): CodeIgniter\Boot::bootWeb()
#14 /home/itu/Documents/S4/SI/Bibliotheque/system/rewrite.php(44): require_once('...')
#15 {main}

Next CodeIgniter\Database\Exceptions\DatabaseException: No such file or directory in /home/itu/Documents/S4/SI/Bibliotheque/system/Database/MySQLi/Connection.php:231
Stack trace:
#0 /home/itu/Documents/S4/SI/Bibliotheque/system/Database/BaseConnection.php(555): CodeIgniter\Database\MySQLi\Connection->connect()
#1 /home/itu/Documents/S4/SI/Bibliotheque/system/Database/BaseConnection.php(795): CodeIgniter\Database\BaseConnection->initialize()
#2 /home/itu/Documents/S4/SI/Bibliotheque/system/Database/BaseBuilder.php(1733): CodeIgniter\Database\BaseConnection->query()
#3 /home/itu/Documents/S4/SI/Bibliotheque/system/Model.php(523): CodeIgniter\Database\BaseBuilder->countAllResults()
#4 /home/itu/Documents/S4/SI/Bibliotheque/system/BaseModel.php(1333): CodeIgniter\Model->countAllResults()
#5 /home/itu/Documents/S4/SI/Bibliotheque/app/Models/LivreModel.php(59): CodeIgniter\BaseModel->paginate()
#6 /home/itu/Documents/S4/SI/Bibliotheque/app/Controllers/LivreController.php(21): App\Models\LivreModel->livresPagines()
#7 /home/itu/Documents/S4/SI/Bibliotheque/system/CodeIgniter.php(951): App\Controllers\LivreController->index()
#8 /home/itu/Documents/S4/SI/Bibliotheque/system/CodeIgniter.php(497): CodeIgniter\CodeIgniter->runController()
#9 /home/itu/Documents/S4/SI/Bibliotheque/system/CodeIgniter.php(340): CodeIgniter\CodeIgniter->handleRequest()
#10 /home/itu/Documents/S4/SI/Bibliotheque/system/Boot.php(417): CodeIgniter\CodeIgniter->run()
#11 /home/itu/Documents/S4/SI/Bibliotheque/system/Boot.php(68): CodeIgniter\Boot::runCodeIgniter()
#12 /home/itu/Documents/S4/SI/Bibliotheque/public/index.php(59): CodeIgniter\Boot::bootWeb()
#13 /home/itu/Documents/S4/SI/Bibliotheque/system/rewrite.php(44): require_once('...')
#14 {main}
CRITICAL - 2026-04-21 11:32:21 --> CodeIgniter\Database\Exceptions\DatabaseException: Unable to connect to the database.
Main connection [MySQLi]: No such file or directory
[Method: GET, Route: /]
in SYSTEMPATH/Database/BaseConnection.php on line 606.
 1 SYSTEMPATH/Database/BaseConnection.php(795): CodeIgniter\Database\BaseConnection->initialize()
 2 SYSTEMPATH/Database/BaseBuilder.php(1733): CodeIgniter\Database\BaseConnection->query()
 3 SYSTEMPATH/Model.php(523): CodeIgniter\Database\BaseBuilder->countAllResults()
 4 SYSTEMPATH/BaseModel.php(1333): CodeIgniter\Model->countAllResults()
 5 APPPATH/Models/LivreModel.php(59): CodeIgniter\BaseModel->paginate()
 6 APPPATH/Controllers/LivreController.php(21): App\Models\LivreModel->livresPagines()
 7 SYSTEMPATH/CodeIgniter.php(951): App\Controllers\LivreController->index()
 8 SYSTEMPATH/CodeIgniter.php(497): CodeIgniter\CodeIgniter->runController()
 9 SYSTEMPATH/CodeIgniter.php(340): CodeIgniter\CodeIgniter->handleRequest()
10 SYSTEMPATH/Boot.php(417): CodeIgniter\CodeIgniter->run()
11 SYSTEMPATH/Boot.php(68): CodeIgniter\Boot::runCodeIgniter()
12 FCPATH/index.php(59): CodeIgniter\Boot::bootWeb()
13 SYSTEMPATH/rewrite.php(44): require_once('/home/itu/Documents/S4/SI/Bibliotheque/public/index.php')
ERROR - 2026-04-21 11:32:22 --> Error connecting to the database: mysqli_sql_exception: No such file or directory in /home/itu/Documents/S4/SI/Bibliotheque/system/Database/MySQLi/Connection.php:201
Stack trace:
#0 /home/itu/Documents/S4/SI/Bibliotheque/system/Database/MySQLi/Connection.php(201): mysqli->real_connect()
#1 /home/itu/Documents/S4/SI/Bibliotheque/system/Database/BaseConnection.php(555): CodeIgniter\Database\MySQLi\Connection->connect()
#2 /home/itu/Documents/S4/SI/Bibliotheque/system/Database/BaseConnection.php(795): CodeIgniter\Database\BaseConnection->initialize()
#3 /home/itu/Documents/S4/SI/Bibliotheque/system/Database/BaseBuilder.php(1733): CodeIgniter\Database\BaseConnection->query()
#4 /home/itu/Documents/S4/SI/Bibliotheque/system/Model.php(523): CodeIgniter\Database\BaseBuilder->countAllResults()
#5 /home/itu/Documents/S4/SI/Bibliotheque/system/BaseModel.php(1333): CodeIgniter\Model->countAllResults()
#6 /home/itu/Documents/S4/SI/Bibliotheque/app/Models/LivreModel.php(59): CodeIgniter\BaseModel->paginate()
#7 /home/itu/Documents/S4/SI/Bibliotheque/app/Controllers/LivreController.php(21): App\Models\LivreModel->livresPagines()
#8 /home/itu/Documents/S4/SI/Bibliotheque/system/CodeIgniter.php(951): App\Controllers\LivreController->index()
#9 /home/itu/Documents/S4/SI/Bibliotheque/system/CodeIgniter.php(497): CodeIgniter\CodeIgniter->runController()
#10 /home/itu/Documents/S4/SI/Bibliotheque/system/CodeIgniter.php(340): CodeIgniter\CodeIgniter->handleRequest()
#11 /home/itu/Documents/S4/SI/Bibliotheque/system/Boot.php(417): CodeIgniter\CodeIgniter->run()
#12 /home/itu/Documents/S4/SI/Bibliotheque/system/Boot.php(68): CodeIgniter\Boot::runCodeIgniter()
#13 /home/itu/Documents/S4/SI/Bibliotheque/public/index.php(59): CodeIgniter\Boot::bootWeb()
#14 /home/itu/Documents/S4/SI/Bibliotheque/system/rewrite.php(44): require_once('...')
#15 {main}

Next CodeIgniter\Database\Exceptions\DatabaseException: No such file or directory in /home/itu/Documents/S4/SI/Bibliotheque/system/Database/MySQLi/Connection.php:231
Stack trace:
#0 /home/itu/Documents/S4/SI/Bibliotheque/system/Database/BaseConnection.php(555): CodeIgniter\Database\MySQLi\Connection->connect()
#1 /home/itu/Documents/S4/SI/Bibliotheque/system/Database/BaseConnection.php(795): CodeIgniter\Database\BaseConnection->initialize()
#2 /home/itu/Documents/S4/SI/Bibliotheque/system/Database/BaseBuilder.php(1733): CodeIgniter\Database\BaseConnection->query()
#3 /home/itu/Documents/S4/SI/Bibliotheque/system/Model.php(523): CodeIgniter\Database\BaseBuilder->countAllResults()
#4 /home/itu/Documents/S4/SI/Bibliotheque/system/BaseModel.php(1333): CodeIgniter\Model->countAllResults()
#5 /home/itu/Documents/S4/SI/Bibliotheque/app/Models/LivreModel.php(59): CodeIgniter\BaseModel->paginate()
#6 /home/itu/Documents/S4/SI/Bibliotheque/app/Controllers/LivreController.php(21): App\Models\LivreModel->livresPagines()
#7 /home/itu/Documents/S4/SI/Bibliotheque/system/CodeIgniter.php(951): App\Controllers\LivreController->index()
#8 /home/itu/Documents/S4/SI/Bibliotheque/system/CodeIgniter.php(497): CodeIgniter\CodeIgniter->runController()
#9 /home/itu/Documents/S4/SI/Bibliotheque/system/CodeIgniter.php(340): CodeIgniter\CodeIgniter->handleRequest()
#10 /home/itu/Documents/S4/SI/Bibliotheque/system/Boot.php(417): CodeIgniter\CodeIgniter->run()
#11 /home/itu/Documents/S4/SI/Bibliotheque/system/Boot.php(68): CodeIgniter\Boot::runCodeIgniter()
#12 /home/itu/Documents/S4/SI/Bibliotheque/public/index.php(59): CodeIgniter\Boot::bootWeb()
#13 /home/itu/Documents/S4/SI/Bibliotheque/system/rewrite.php(44): require_once('...')
#14 {main}
CRITICAL - 2026-04-21 11:32:22 --> CodeIgniter\Database\Exceptions\DatabaseException: Unable to connect to the database.
Main connection [MySQLi]: No such file or directory
[Method: GET, Route: /]
in SYSTEMPATH/Database/BaseConnection.php on line 606.
 1 SYSTEMPATH/Database/BaseConnection.php(795): CodeIgniter\Database\BaseConnection->initialize()
 2 SYSTEMPATH/Database/BaseBuilder.php(1733): CodeIgniter\Database\BaseConnection->query()
 3 SYSTEMPATH/Model.php(523): CodeIgniter\Database\BaseBuilder->countAllResults()
 4 SYSTEMPATH/BaseModel.php(1333): CodeIgniter\Model->countAllResults()
 5 APPPATH/Models/LivreModel.php(59): CodeIgniter\BaseModel->paginate()
 6 APPPATH/Controllers/LivreController.php(21): App\Models\LivreModel->livresPagines()
 7 SYSTEMPATH/CodeIgniter.php(951): App\Controllers\LivreController->index()
 8 SYSTEMPATH/CodeIgniter.php(497): CodeIgniter\CodeIgniter->runController()
 9 SYSTEMPATH/CodeIgniter.php(340): CodeIgniter\CodeIgniter->handleRequest()
10 SYSTEMPATH/Boot.php(417): CodeIgniter\CodeIgniter->run()
11 SYSTEMPATH/Boot.php(68): CodeIgniter\Boot::runCodeIgniter()
12 FCPATH/index.php(59): CodeIgniter\Boot::bootWeb()
13 SYSTEMPATH/rewrite.php(44): require_once('/home/itu/Documents/S4/SI/Bibliotheque/public/index.php')
CRITICAL - 2026-04-21 11:36:31 --> ErrorException: Undefined property: CodeIgniter\View\View::$request
[Method: GET, Route: /]
in APPPATH/Views/livres/index.php on line 10.
 1 APPPATH/Views/livres/index.php(10): CodeIgniter\Debug\Exceptions->errorHandler()
 2 SYSTEMPATH/View/View.php(240): include('/home/itu/Documents/S4/SI/Bibliotheque/app/Views/livres/index.php')
 3 SYSTEMPATH/View/View.php(243): CodeIgniter\View\View->CodeIgniter\View\{closure}()
 4 SYSTEMPATH/Common.php(1250): CodeIgniter\View\View->render()
 5 APPPATH/Controllers/LivreController.php(25): view()
 6 SYSTEMPATH/CodeIgniter.php(951): App\Controllers\LivreController->index()
 7 SYSTEMPATH/CodeIgniter.php(497): CodeIgniter\CodeIgniter->runController()
 8 SYSTEMPATH/CodeIgniter.php(340): CodeIgniter\CodeIgniter->handleRequest()
 9 SYSTEMPATH/Boot.php(417): CodeIgniter\CodeIgniter->run()
10 SYSTEMPATH/Boot.php(68): CodeIgniter\Boot::runCodeIgniter()
11 FCPATH/index.php(59): CodeIgniter\Boot::bootWeb()
12 SYSTEMPATH/rewrite.php(44): require_once('/home/itu/Documents/S4/SI/Bibliotheque/public/index.php')
CRITICAL - 2026-04-21 11:36:32 --> ErrorException: Undefined property: CodeIgniter\View\View::$request
[Method: GET, Route: /]
in APPPATH/Views/livres/index.php on line 10.
 1 APPPATH/Views/livres/index.php(10): CodeIgniter\Debug\Exceptions->errorHandler()
 2 SYSTEMPATH/View/View.php(240): include('/home/itu/Documents/S4/SI/Bibliotheque/app/Views/livres/index.php')
 3 SYSTEMPATH/View/View.php(243): CodeIgniter\View\View->CodeIgniter\View\{closure}()
 4 SYSTEMPATH/Common.php(1250): CodeIgniter\View\View->render()
 5 APPPATH/Controllers/LivreController.php(25): view()
 6 SYSTEMPATH/CodeIgniter.php(951): App\Controllers\LivreController->index()
 7 SYSTEMPATH/CodeIgniter.php(497): CodeIgniter\CodeIgniter->runController()
 8 SYSTEMPATH/CodeIgniter.php(340): CodeIgniter\CodeIgniter->handleRequest()
 9 SYSTEMPATH/Boot.php(417): CodeIgniter\CodeIgniter->run()
10 SYSTEMPATH/Boot.php(68): CodeIgniter\Boot::runCodeIgniter()
11 FCPATH/index.php(59): CodeIgniter\Boot::bootWeb()
12 SYSTEMPATH/rewrite.php(44): require_once('/home/itu/Documents/S4/SI/Bibliotheque/public/index.php')
CRITICAL - 2026-04-21 11:36:54 --> ErrorException: Undefined property: CodeIgniter\View\View::$request
[Method: GET, Route: /]
in APPPATH/Views/livres/index.php on line 10.
 1 APPPATH/Views/livres/index.php(10): CodeIgniter\Debug\Exceptions->errorHandler()
 2 SYSTEMPATH/View/View.php(240): include('/home/itu/Documents/S4/SI/Bibliotheque/app/Views/livres/index.php')
 3 SYSTEMPATH/View/View.php(243): CodeIgniter\View\View->CodeIgniter\View\{closure}()
 4 SYSTEMPATH/Common.php(1250): CodeIgniter\View\View->render()
 5 APPPATH/Controllers/LivreController.php(25): view()
 6 SYSTEMPATH/CodeIgniter.php(951): App\Controllers\LivreController->index()
 7 SYSTEMPATH/CodeIgniter.php(497): CodeIgniter\CodeIgniter->runController()
 8 SYSTEMPATH/CodeIgniter.php(340): CodeIgniter\CodeIgniter->handleRequest()
 9 SYSTEMPATH/Boot.php(417): CodeIgniter\CodeIgniter->run()
10 SYSTEMPATH/Boot.php(68): CodeIgniter\Boot::runCodeIgniter()
11 FCPATH/index.php(59): CodeIgniter\Boot::bootWeb()
12 SYSTEMPATH/rewrite.php(44): require_once('/home/itu/Documents/S4/SI/Bibliotheque/public/index.php')
ERROR - 2026-04-21 11:43:44 --> Cannot delete or update a parent row: a foreign key constraint fails (`bibliotheque`.`emprunts`, CONSTRAINT `emprunts_ibfk_1` FOREIGN KEY (`livre_id`) REFERENCES `livres` (`id`))
in SYSTEMPATH/Database/MySQLi/Connection.php on line 300.
 1 SYSTEMPATH/Database/MySQLi/Connection.php(300): mysqli->query()
 2 SYSTEMPATH/Database/BaseConnection.php(910): CodeIgniter\Database\MySQLi\Connection->execute()
 3 SYSTEMPATH/Database/BaseConnection.php(827): CodeIgniter\Database\BaseConnection->simpleQuery()
 4 SYSTEMPATH/Database/BaseBuilder.php(2848): CodeIgniter\Database\BaseConnection->query()
 5 SYSTEMPATH/Model.php(441): CodeIgniter\Database\BaseBuilder->delete()
 6 SYSTEMPATH/BaseModel.php(1207): CodeIgniter\Model->doDelete()
 7 APPPATH/Controllers/LivreController.php(97): CodeIgniter\BaseModel->delete()
 8 SYSTEMPATH/CodeIgniter.php(951): App\Controllers\LivreController->delete()
 9 SYSTEMPATH/CodeIgniter.php(497): CodeIgniter\CodeIgniter->runController()
10 SYSTEMPATH/CodeIgniter.php(340): CodeIgniter\CodeIgniter->handleRequest()
11 SYSTEMPATH/Boot.php(417): CodeIgniter\CodeIgniter->run()
12 SYSTEMPATH/Boot.php(68): CodeIgniter\Boot::runCodeIgniter()
13 FCPATH/index.php(59): CodeIgniter\Boot::bootWeb()
14 SYSTEMPATH/rewrite.php(44): require_once('/home/itu/Documents/S4/SI/Bibliotheque/public/index.php')
CRITICAL - 2026-04-21 11:43:44 --> CodeIgniter\Database\Exceptions\DatabaseException: Cannot delete or update a parent row: a foreign key constraint fails (`bibliotheque`.`emprunts`, CONSTRAINT `emprunts_ibfk_1` FOREIGN KEY (`livre_id`) REFERENCES `livres` (`id`))
[Method: POST, Route: livres/delete/1]
in SYSTEMPATH/Database/BaseConnection.php on line 865.
 1 SYSTEMPATH/Database/BaseBuilder.php(2848): CodeIgniter\Database\BaseConnection->query()
 2 SYSTEMPATH/Model.php(441): CodeIgniter\Database\BaseBuilder->delete()
 3 SYSTEMPATH/BaseModel.php(1207): CodeIgniter\Model->doDelete()
 4 APPPATH/Controllers/LivreController.php(97): CodeIgniter\BaseModel->delete()
 5 SYSTEMPATH/CodeIgniter.php(951): App\Controllers\LivreController->delete()
 6 SYSTEMPATH/CodeIgniter.php(497): CodeIgniter\CodeIgniter->runController()
 7 SYSTEMPATH/CodeIgniter.php(340): CodeIgniter\CodeIgniter->handleRequest()
 8 SYSTEMPATH/Boot.php(417): CodeIgniter\CodeIgniter->run()
 9 SYSTEMPATH/Boot.php(68): CodeIgniter\Boot::runCodeIgniter()
10 FCPATH/index.php(59): CodeIgniter\Boot::bootWeb()
11 SYSTEMPATH/rewrite.php(44): require_once('/home/itu/Documents/S4/SI/Bibliotheque/public/index.php')
CRITICAL - 2026-04-21 11:43:44 --> [Caused by] CodeIgniter\Database\Exceptions\DatabaseException: Cannot delete or update a parent row: a foreign key constraint fails (`bibliotheque`.`emprunts`, CONSTRAINT `emprunts_ibfk_1` FOREIGN KEY (`livre_id`) REFERENCES `livres` (`id`))
in SYSTEMPATH/Database/MySQLi/Connection.php on line 310.
 1 SYSTEMPATH/Database/BaseConnection.php(910): CodeIgniter\Database\MySQLi\Connection->execute()
 2 SYSTEMPATH/Database/BaseConnection.php(827): CodeIgniter\Database\BaseConnection->simpleQuery()
 3 SYSTEMPATH/Database/BaseBuilder.php(2848): CodeIgniter\Database\BaseConnection->query()
 4 SYSTEMPATH/Model.php(441): CodeIgniter\Database\BaseBuilder->delete()
 5 SYSTEMPATH/BaseModel.php(1207): CodeIgniter\Model->doDelete()
 6 APPPATH/Controllers/LivreController.php(97): CodeIgniter\BaseModel->delete()
 7 SYSTEMPATH/CodeIgniter.php(951): App\Controllers\LivreController->delete()
 8 SYSTEMPATH/CodeIgniter.php(497): CodeIgniter\CodeIgniter->runController()
 9 SYSTEMPATH/CodeIgniter.php(340): CodeIgniter\CodeIgniter->handleRequest()
10 SYSTEMPATH/Boot.php(417): CodeIgniter\CodeIgniter->run()
11 SYSTEMPATH/Boot.php(68): CodeIgniter\Boot::runCodeIgniter()
12 FCPATH/index.php(59): CodeIgniter\Boot::bootWeb()
13 SYSTEMPATH/rewrite.php(44): require_once('/home/itu/Documents/S4/SI/Bibliotheque/public/index.php')
CRITICAL - 2026-04-21 11:43:44 --> [Caused by] mysqli_sql_exception: Cannot delete or update a parent row: a foreign key constraint fails (`bibliotheque`.`emprunts`, CONSTRAINT `emprunts_ibfk_1` FOREIGN KEY (`livre_id`) REFERENCES `livres` (`id`))
in SYSTEMPATH/Database/MySQLi/Connection.php on line 300.
 1 SYSTEMPATH/Database/MySQLi/Connection.php(300): mysqli->query()
 2 SYSTEMPATH/Database/BaseConnection.php(910): CodeIgniter\Database\MySQLi\Connection->execute()
 3 SYSTEMPATH/Database/BaseConnection.php(827): CodeIgniter\Database\BaseConnection->simpleQuery()
 4 SYSTEMPATH/Database/BaseBuilder.php(2848): CodeIgniter\Database\BaseConnection->query()
 5 SYSTEMPATH/Model.php(441): CodeIgniter\Database\BaseBuilder->delete()
 6 SYSTEMPATH/BaseModel.php(1207): CodeIgniter\Model->doDelete()
 7 APPPATH/Controllers/LivreController.php(97): CodeIgniter\BaseModel->delete()
 8 SYSTEMPATH/CodeIgniter.php(951): App\Controllers\LivreController->delete()
 9 SYSTEMPATH/CodeIgniter.php(497): CodeIgniter\CodeIgniter->runController()
10 SYSTEMPATH/CodeIgniter.php(340): CodeIgniter\CodeIgniter->handleRequest()
11 SYSTEMPATH/Boot.php(417): CodeIgniter\CodeIgniter->run()
12 SYSTEMPATH/Boot.php(68): CodeIgniter\Boot::runCodeIgniter()
13 FCPATH/index.php(59): CodeIgniter\Boot::bootWeb()
14 SYSTEMPATH/rewrite.php(44): require_once('/home/itu/Documents/S4/SI/Bibliotheque/public/index.php')
CRITICAL - 2026-04-21 13:31:50 --> ErrorException: session_start(): Failed to decode session object. Session has been destroyed
[Method: GET, Route: /]
in SYSTEMPATH/Session/Session.php on line 625.
 1 [internal function]: CodeIgniter\Debug\Exceptions->errorHandler()
 2 SYSTEMPATH/Session/Session.php(625): session_start()
 3 SYSTEMPATH/Session/Session.php(120): CodeIgniter\Session\Session->startSession()
 4 SYSTEMPATH/Config/Services.php(715): CodeIgniter\Session\Session->start()
 5 SYSTEMPATH/Config/BaseService.php(325): CodeIgniter\Config\Services::session()
 6 SYSTEMPATH/Config/BaseService.php(264): CodeIgniter\Config\BaseService::__callStatic()
 7 SYSTEMPATH/Config/Services.php(668): CodeIgniter\Config\BaseService::getSharedInstance()
 8 SYSTEMPATH/Config/BaseService.php(334): CodeIgniter\Config\Services::session()
 9 SYSTEMPATH/Config/BaseService.php(203): CodeIgniter\Config\BaseService::__callStatic()
10 SYSTEMPATH/Common.php(1078): CodeIgniter\Config\BaseService::get()
11 SYSTEMPATH/Common.php(1051): service()
12 APPPATH/Views/layout/main.php(15): session()
13 SYSTEMPATH/View/View.php(240): include('/home/itu/Documents/S4/SI/Bibliotheque/app/Views/layout/main.php')
14 SYSTEMPATH/View/View.php(243): CodeIgniter\View\View->CodeIgniter\View\{closure}()
15 SYSTEMPATH/View/View.php(256): CodeIgniter\View\View->render()
16 SYSTEMPATH/Common.php(1250): CodeIgniter\View\View->render()
17 APPPATH/Controllers/LivreController.php(25): view()
18 SYSTEMPATH/CodeIgniter.php(951): App\Controllers\LivreController->index()
19 SYSTEMPATH/CodeIgniter.php(497): CodeIgniter\CodeIgniter->runController()
20 SYSTEMPATH/CodeIgniter.php(340): CodeIgniter\CodeIgniter->handleRequest()
21 SYSTEMPATH/Boot.php(417): CodeIgniter\CodeIgniter->run()
22 SYSTEMPATH/Boot.php(68): CodeIgniter\Boot::runCodeIgniter()
23 FCPATH/index.php(59): CodeIgniter\Boot::bootWeb()
24 SYSTEMPATH/rewrite.php(44): require_once('/home/itu/Documents/S4/SI/Bibliotheque/public/index.php')
